
[1m[7m[36m RUN [39m[27m[22m [36mv2.1.9 [39m[90mC:/Users/fatih/OneDrive/Bureau/Dev/m/nextosint/backend[39m

{"level":30,"time":1778374597681,"pid":788,"hostname":"Kyvoxx_Computer","email":"test@example.com","msg":"Email aggregator: starting investigation"}
{"level":30,"time":1778374597680,"pid":19804,"hostname":"Kyvoxx_Computer","domain":"example.com","msg":"Domain aggregator: starting investigation"}
{"level":30,"time":1778374597682,"pid":13484,"hostname":"Kyvoxx_Computer","url":"https://example.com","msg":"URL aggregator: starting investigation"}
{"level":30,"time":1778374597685,"pid":22328,"hostname":"Kyvoxx_Computer","ip":"8.8.8.8","msg":"IP aggregator: starting investigation"}
{"level":30,"time":1778374597682,"pid":19804,"hostname":"Kyvoxx_Computer","domain":"example.com","riskLevel":"low","score":10,"msg":"Domain aggregator: investigation complete"}
 [32mÔ£ô[39m tests/unit/aggregators/domain.aggregator.test.ts[2m > [22maggregateDomain[2m > [22mshould successfully aggregate Domain data and return parsed report
{"level":30,"time":1778374597685,"pid":13484,"hostname":"Kyvoxx_Computer","url":"https://example.com","riskLevel":"low","score":10,"msg":"URL aggregator: investigation complete"}
 [32mÔ£ô[39m tests/unit/aggregators/url.aggregator.test.ts[2m > [22maggregateUrl[2m > [22mshould successfully aggregate URL data and return parsed report
{"level":30,"time":1778374597683,"pid":788,"hostname":"Kyvoxx_Computer","email":"test@example.com","riskLevel":"medium","score":55,"msg":"Email aggregator: investigation complete"}
{"level":30,"time":1778374597687,"pid":788,"hostname":"Kyvoxx_Computer","email":"test@example.com","msg":"Email aggregator: starting investigation"}
{"level":30,"time":1778374597687,"pid":788,"hostname":"Kyvoxx_Computer","email":"test@example.com","riskLevel":"low","score":0,"msg":"Email aggregator: investigation complete"}
 [32mÔ£ô[39m tests/unit/aggregators/email.aggregator.test.ts[2m > [22maggregateEmail[2m > [22mshould successfully aggregate email data and return parsed report
 [32mÔ£ô[39m tests/unit/aggregators/email.aggregator.test.ts[2m > [22maggregateEmail[2m > [22mshould handle source failure gracefully
{"level":30,"time":1778374597687,"pid":22328,"hostname":"Kyvoxx_Computer","ip":"8.8.8.8","riskLevel":"low","score":10,"msg":"IP aggregator: investigation complete"}
 [32mÔ£ô[39m tests/unit/aggregators/ip.aggregator.test.ts[2m > [22maggregateIp[2m > [22mshould successfully aggregate IP data and return parsed report
 [2m[90mÔåô[39m[22m tests/integration/investigate.test.ts[2m > [22mInvestigate Routes Integration[2m > [22mshould reject unauthenticated requests with 401
 [2m[90mÔåô[39m[22m tests/integration/investigate.test.ts[2m > [22mInvestigate Routes Integration[2m > [22mPOST /api/investigate/email should return 200 with valid token
 [2m[90mÔåô[39m[22m tests/integration/investigate.test.ts[2m > [22mInvestigate Routes Integration[2m > [22mPOST /api/investigate/email should reject invalid email
 [2m[90mÔåô[39m[22m tests/integration/investigate.test.ts[2m > [22mInvestigate Routes Integration[2m > [22mPOST /api/investigate/ip should reject private IPs (SSRF prevention)
 [2m[90mÔåô[39m[22m tests/integration/investigate.test.ts[2m > [22mInvestigate Routes Integration[2m > [22mPOST /api/investigate/ip should reject loopback IPs
 [2m[90mÔåô[39m[22m tests/integration/investigate.test.ts[2m > [22mInvestigate Routes Integration[2m > [22mPOST /api/investigate/ip should return 200 for public IP
 [2m[90mÔåô[39m[22m tests/integration/investigate.test.ts[2m > [22mInvestigate Routes Integration[2m > [22mPOST /api/investigate/domain should return 200 for valid domain
 [2m[90mÔåô[39m[22m tests/integration/investigate.test.ts[2m > [22mInvestigate Routes Integration[2m > [22mPOST /api/investigate/domain should reject invalid domain
 [2m[90mÔåô[39m[22m tests/integration/investigate.test.ts[2m > [22mInvestigate Routes Integration[2m > [22mPOST /api/investigate/url should reject localhost URLs (SSRF prevention)
 [2m[90mÔåô[39m[22m tests/integration/investigate.test.ts[2m > [22mInvestigate Routes Integration[2m > [22mPOST /api/investigate/url should reject private IP URLs
 [2m[90mÔåô[39m[22m tests/integration/investigate.test.ts[2m > [22mInvestigate Routes Integration[2m > [22mPOST /api/investigate/url should return 200 for valid URL
 [2m[90mÔåô[39m[22m tests/integration/investigate.test.ts[2m > [22mInvestigate Routes Integration[2m > [22mGET /api/health should return healthy status
 [2m[90mÔåô[39m[22m tests/integration/investigate.test.ts[2m > [22mInvestigate Routes Integration[2m > [22mshould return 404 for unknown routes

node.exe : [31mÔÄ»ÔÄ»ÔÄ»ÔÄ
»ÔÄ»ÔÄ»[1m[7m Failed 
Suites 2 [27m[22mÔÄ»ÔÄ»ÔÄ
»ÔÄ»ÔÄ»ÔÄ»ÔÄ»[39m
Au caractère Ligne:1 : 1
+ & "C:\Program 
Files\nodejs/node.exe" "C:\
Users\fatih\AppData\Roaming
\ ...
+ ~~~~~~~~~~~~~~~~~~~~~~~~~
~~~~~~~~~~~~~~~~~~~~~~~~~~~
~~~~~~~~~~~~~~~~~
    + CategoryInfo         
     : NotSpecified: ([3  
  1mÔÄ»ÔÄ»ÔÄ»Ô...»ÔÄ»ÔÄ»   
 ÔÄ»[39m:String) [], R    
emoteException
    + FullyQualifiedErrorI 
   d : NativeCommandError
 

[31m[1m[7m FAIL 
[27m[22m[39m tests/integ
ration/auth.test.ts[2m [ t
ests/integration/auth.test.
ts ][22m
[31m[1mError[22m: 
Failed to load url 
../../utils/logger.js 
(resolved id: 
../../utils/logger.js) in C
:/Users/fatih/OneDrive/Bure
au/Dev/m/nextosint/backend/
src/services/screenshot.ts.
 Does the file exist?[39m
[90m [2mÔØ»[22m 
loadAndTransform node_modul
es/vite/dist/node/chunks/de
p-BK3b2jBa.js:[2m51969:17
[22m[39m

[31m[2mÔÄ»ÔÄ»ÔÄ»ÔÄ»ÔÄ»ÔÄ»
ÔÄ»ÔÄ»ÔÄ»ÔÄ»ÔÄ»ÔÄ»ÔÄ»ÔÄ»ÔÄ»
ÔÄ»ÔÄ»ÔÄ»ÔÄ»ÔÄ»ÔÄ»ÔÄ»ÔÄ»ÔÄ»
[1/3]ÔÄ»[22m[39m

[31m[1m[7m FAIL 
[27m[22m[39m tests/integ
ration/investigate.test.ts
[2m > [22mInvestigate 
Routes Integration
[31m[1mTypeError[22m: 
this.redis.defineCommand 
is not a function[39m
[90m [2mÔØ»[22m new 
RedisStore node_modules/@fa
stify/rate-limit/store/Redi
sStore.js:[2m41:16[22m[3
9m
[90m [2mÔØ»[22m 
fastifyRateLimit node_modul
es/@fastify/rate-limit/inde
x.js:[2m120:31[22m[39m
[90m [2mÔØ»[22m 
Plugin.exec node_modules/av
vio/lib/plugin.js:[2m125:2
8[22m[39m
[90m [2mÔØ»[22m 
Boot._loadPlugin node_modul
es/avvio/boot.js:[2m446:10
[22m[39m

[31m[2mÔÄ»ÔÄ»ÔÄ»ÔÄ»ÔÄ»ÔÄ»
ÔÄ»ÔÄ»ÔÄ»ÔÄ»ÔÄ»ÔÄ»ÔÄ»ÔÄ»ÔÄ»
ÔÄ»ÔÄ»ÔÄ»ÔÄ»ÔÄ»ÔÄ»ÔÄ»ÔÄ»ÔÄ»
[2/3]ÔÄ»[22m[39m

[31m[1m[7m FAIL 
[27m[22m[39m tests/integ
ration/investigate.test.ts
[2m > [22mInvestigate 
Routes Integration
[31m[1mTypeError[22m: 
Cannot read properties of 
undefined (reading 
'close')[39m
[36m [2mÔØ»[22m tests/in
tegration/investigate.test.
ts:[2m93:15[22m[39m
    [90m 91| [39m
    [90m 92| [39m  [34ma
fterAll[39m([35masync[39
m () [33m=>[39m {
    [90m 93| [39m    
[35mawait[39m app[33m.[
39m[34mclose[39m()[33m;
[39m
    [90m   | [39m        
      [31m^[39m
    [90m 94| [39m  
})[33m;[39m
    [90m 95| [39m

[31m[2mÔÄ»ÔÄ»ÔÄ»ÔÄ»ÔÄ»ÔÄ»
ÔÄ»ÔÄ»ÔÄ»ÔÄ»ÔÄ»ÔÄ»ÔÄ»ÔÄ»ÔÄ»
ÔÄ»ÔÄ»ÔÄ»ÔÄ»ÔÄ»ÔÄ»ÔÄ»ÔÄ»ÔÄ»
[3/3]ÔÄ»[22m[39m

[2m Test Files [22m [1m[31m2 failed[39m[22m[2m | [22m[1m[32m4 passed[39m[22m[90m (6)[39m
[2m      Tests [22m [1m[32m5 passed[39m[22m[2m | [22m[33m13 skipped[39m[90m (18)[39m
[2m   Start at [22m 02:56:36
[2m   Duration [22m 1.07s[2m (transform 543ms, setup 85ms, collect 1.12s, tests 108ms, environment 1ms, prepare 1.17s)[22m

